// Jest Snapshot v1, https://goo.gl/fbAQLP

exports[`Appointments List Item should render the list item 1`] = `
<li
  className="appointments-list-item"
>
  <h2>
    title
  </h2>
  <p>
    Friday, 13 November 2020 at 12:14
  </p>
  <button
    className="delete-button"
    onClick={[Function]}
  >
    Delete
  </button>
</li>
`;
